[2026-07-29 10:48:27,228: INFO: main: welcome to our custom log]
[2026-07-29 10:51:50,060: INFO: main: welcome to our custom log]
[2026-08-01 14:54:27,730: INFO: common: yaml file: config\config.yaml loaded successfully]
[2026-08-01 14:54:27,733: INFO: common: yaml file: params.yaml loaded successfully]
[2026-08-01 14:54:27,735: INFO: common: created directory at: artifacts]
[2026-08-01 14:56:13,795: INFO: common: yaml file: config\config.yaml loaded successfully]
[2026-08-01 14:56:13,798: INFO: common: yaml file: params.yaml loaded successfully]
[2026-08-01 14:56:13,799: INFO: common: created directory at: artifacts]
[2026-08-01 14:56:13,801: INFO: common: created directory at: artifacts/data_ingestion]
[2026-08-01 14:56:13,802: INFO: 3895269612: Downloading data from https://drive.google.com/file/d/1Coa1hm3Dw3WUO1epFj4ztNWKfmflJ29n/view?usp=sharing into file artifacts/data_ingestion/data.zip]
[2026-08-01 15:01:18,579: INFO: 3895269612: Downloaded data from https://drive.google.com/file/d/1Coa1hm3Dw3WUO1epFj4ztNWKfmflJ29n/view?usp=sharing into file artifacts/data_ingestion/data.zip]
[2026-08-01 17:08:05,407: INFO: main: >>>>>> stage Data Ingestion stage started <<<<<<]
[2026-08-01 17:08:05,420: INFO: common: yaml file: config\config.yaml loaded successfully]
[2026-08-01 17:08:05,421: INFO: common: yaml file: params.yaml loaded successfully]
[2026-08-01 17:08:05,422: INFO: common: created directory at: artifacts]
[2026-08-01 17:08:05,423: INFO: common: created directory at: artifacts/data_ingestion]
[2026-08-01 17:08:05,424: INFO: data_ingestion: Downloading data from https://drive.google.com/file/d/1Coa1hm3Dw3WUO1epFj4ztNWKfmflJ29n/view?usp=sharing into file artifacts/data_ingestion/data.zip]
[2026-08-01 17:12:36,283: INFO: data_ingestion: Downloaded data from https://drive.google.com/file/d/1Coa1hm3Dw3WUO1epFj4ztNWKfmflJ29n/view?usp=sharing into file artifacts/data_ingestion/data.zip]
[2026-08-01 17:13:01,940: INFO: main: >>>>>> stage Data Ingestion stage completed <<<<<<

x==========x]
[2026-08-01 18:04:05,529: INFO: main: >>>>>> stage Data Ingestion stage started <<<<<<]
[2026-08-01 18:04:05,536: INFO: common: yaml file: config\config.yaml loaded successfully]
[2026-08-01 18:04:05,557: INFO: common: yaml file: params.yaml loaded successfully]
[2026-08-01 18:04:05,558: INFO: common: created directory at: artifacts]
[2026-08-01 18:04:05,559: INFO: common: created directory at: artifacts/data_ingestion]
[2026-08-01 18:04:05,559: INFO: data_ingestion: Downloading data from https://drive.google.com/file/d/1Coa1hm3Dw3WUO1epFj4ztNWKfmflJ29n/view?usp=sharing into file artifacts/data_ingestion/data.zip]
[2026-08-01 18:09:50,977: INFO: data_ingestion: Downloaded data from https://drive.google.com/file/d/1Coa1hm3Dw3WUO1epFj4ztNWKfmflJ29n/view?usp=sharing into file artifacts/data_ingestion/data.zip]
[2026-08-01 18:10:17,079: INFO: main: >>>>>> stage Data Ingestion stage completed <<<<<<

x==========x]
[2026-08-02 10:06:15,954: WARNING: font_manager: Matplotlib is building the font cache; this may take a moment.]
[2026-08-02 10:06:16,642: INFO: font_manager: generated new fontManager]
[2026-08-02 13:44:09,847: INFO: main: >>>>>> stage Data Ingestion stage started <<<<<<]
[2026-08-02 13:44:09,853: INFO: common: yaml file: config\config.yaml loaded successfully]
[2026-08-02 13:44:09,856: INFO: common: yaml file: params.yaml loaded successfully]
[2026-08-02 13:44:09,857: INFO: common: created directory at: artifacts]
[2026-08-02 13:44:09,859: INFO: common: created directory at: artifacts/data_ingestion]
[2026-08-02 13:44:09,860: INFO: data_ingestion: Downloading data from https://drive.google.com/file/d/1Coa1hm3Dw3WUO1epFj4ztNWKfmflJ29n/view?usp=sharing into file artifacts/data_ingestion/data.zip]
[2026-08-02 13:49:42,397: INFO: data_ingestion: Downloaded data from https://drive.google.com/file/d/1Coa1hm3Dw3WUO1epFj4ztNWKfmflJ29n/view?usp=sharing into file artifacts/data_ingestion/data.zip]
[2026-08-02 13:50:10,617: INFO: main: >>>>>> stage Data Ingestion stage completed <<<<<<

x==========x]
[2026-08-02 13:50:10,618: INFO: main: ********************]
[2026-08-02 13:50:10,619: INFO: main: >>>>>> stage Prepare base model started <<<<<<]
[2026-08-02 13:50:10,621: INFO: common: yaml file: config\config.yaml loaded successfully]
[2026-08-02 13:50:10,624: INFO: common: yaml file: params.yaml loaded successfully]
[2026-08-02 13:50:10,625: INFO: common: created directory at: artifacts]
[2026-08-02 13:50:10,626: INFO: common: created directory at: artifacts/prepare_base_model]
[2026-08-02 13:50:11,534: WARNING: saving_api: You are saving your model as an HDF5 file via `model.save()` or `keras.saving.save_model(model)`. This file format is considered legacy. We recommend using instead the native Keras format, e.g. `model.save('my_model.keras')` or `keras.saving.save_model(model, 'my_model.keras')`. ]
[2026-08-02 13:50:11,866: WARNING: config: TensorFlow GPU support is not available on native Windows for TensorFlow >= 2.11. Even if CUDA/cuDNN are installed, GPU will not be used. Please use WSL2 or the TensorFlow-DirectML plugin.]
[2026-08-02 13:50:11,955: WARNING: saving_api: You are saving your model as an HDF5 file via `model.save()` or `keras.saving.save_model(model)`. This file format is considered legacy. We recommend using instead the native Keras format, e.g. `model.save('my_model.keras')` or `keras.saving.save_model(model, 'my_model.keras')`. ]
[2026-08-02 13:50:12,185: INFO: main: >>>>>> stage Prepare base model completed <<<<<<

x==========x]
[2026-08-12 13:29:36,522: INFO: common: yaml file: config\config.yaml loaded successfully]
[2026-08-12 13:29:36,525: INFO: common: yaml file: params.yaml loaded successfully]
[2026-08-12 13:29:36,527: INFO: common: created directory at: artifacts]
[2026-08-12 13:29:36,529: INFO: common: created directory at: artifacts\training]
[2026-08-12 13:33:32,300: INFO: common: yaml file: config\config.yaml loaded successfully]
[2026-08-12 13:33:32,304: INFO: common: yaml file: params.yaml loaded successfully]
[2026-08-12 13:33:32,307: INFO: common: created directory at: artifacts]
[2026-08-12 13:33:32,309: INFO: common: created directory at: artifacts/prepare_base_model]
[2026-08-12 13:33:32,974: WARNING: saving_api: You are saving your model as an HDF5 file via `model.save()` or `keras.saving.save_model(model)`. This file format is considered legacy. We recommend using instead the native Keras format, e.g. `model.save('my_model.keras')` or `keras.saving.save_model(model, 'my_model.keras')`. ]
[2026-08-12 13:33:33,120: WARNING: config: TensorFlow GPU support is not available on native Windows for TensorFlow >= 2.11. Even if CUDA/cuDNN are installed, GPU will not be used. Please use WSL2 or the TensorFlow-DirectML plugin.]
[2026-08-12 13:33:33,167: WARNING: saving_api: You are saving your model as an HDF5 file via `model.save()` or `keras.saving.save_model(model)`. This file format is considered legacy. We recommend using instead the native Keras format, e.g. `model.save('my_model.keras')` or `keras.saving.save_model(model, 'my_model.keras')`. ]
[2026-08-12 13:33:52,862: WARNING: saving_api: You are saving your model as an HDF5 file via `model.save()` or `keras.saving.save_model(model)`. This file format is considered legacy. We recommend using instead the native Keras format, e.g. `model.save('my_model.keras')` or `keras.saving.save_model(model, 'my_model.keras')`. ]
[2026-08-12 13:33:53,039: WARNING: saving_api: You are saving your model as an HDF5 file via `model.save()` or `keras.saving.save_model(model)`. This file format is considered legacy. We recommend using instead the native Keras format, e.g. `model.save('my_model.keras')` or `keras.saving.save_model(model, 'my_model.keras')`. ]
[2026-08-12 13:36:51,871: INFO: common: yaml file: config\config.yaml loaded successfully]
[2026-08-12 13:36:51,874: INFO: common: yaml file: params.yaml loaded successfully]
[2026-08-12 13:36:51,876: INFO: common: created directory at: artifacts]
[2026-08-12 13:36:51,878: INFO: common: created directory at: artifacts\training]
[2026-08-12 13:36:52,233: WARNING: config: TensorFlow GPU support is not available on native Windows for TensorFlow >= 2.11. Even if CUDA/cuDNN are installed, GPU will not be used. Please use WSL2 or the TensorFlow-DirectML plugin.]
[2026-08-12 13:36:52,237: WARNING: saving_utils: Compiled the loaded model, but the compiled metrics have yet to be built. `model.compile_metrics` will be empty until you train or evaluate the model.]
[2026-08-12 13:37:33,349: INFO: common: created directory at: artifacts\training]
[2026-08-12 13:38:03,381: INFO: common: created directory at: artifacts\training]
[2026-08-12 13:38:03,606: WARNING: saving_utils: Compiled the loaded model, but the compiled metrics have yet to be built. `model.compile_metrics` will be empty until you train or evaluate the model.]
[2026-08-12 13:39:06,534: INFO: common: created directory at: artifacts\training]
[2026-08-12 13:39:06,726: WARNING: saving_utils: Compiled the loaded model, but the compiled metrics have yet to be built. `model.compile_metrics` will be empty until you train or evaluate the model.]
[2026-08-12 13:39:13,848: INFO: common: created directory at: artifacts\training]
[2026-08-12 13:39:14,029: WARNING: saving_utils: Compiled the loaded model, but the compiled metrics have yet to be built. `model.compile_metrics` will be empty until you train or evaluate the model.]
[2026-08-12 13:39:40,505: INFO: common: created directory at: artifacts\training]
[2026-08-12 13:39:40,705: WARNING: saving_utils: Compiled the loaded model, but the compiled metrics have yet to be built. `model.compile_metrics` will be empty until you train or evaluate the model.]
[2026-08-12 13:40:30,640: INFO: common: yaml file: config\config.yaml loaded successfully]
[2026-08-12 13:40:30,643: INFO: common: yaml file: params.yaml loaded successfully]
[2026-08-12 13:40:30,645: INFO: common: created directory at: artifacts]
[2026-08-12 13:40:30,647: INFO: common: created directory at: artifacts/data_ingestion]
[2026-08-12 13:40:30,648: INFO: 3895269612: Downloading data from https://drive.google.com/file/d/1Coa1hm3Dw3WUO1epFj4ztNWKfmflJ29n/view?usp=sharing into file artifacts/data_ingestion/data.zip]
[2026-08-12 13:41:19,536: INFO: 3895269612: Downloaded data from https://drive.google.com/file/d/1Coa1hm3Dw3WUO1epFj4ztNWKfmflJ29n/view?usp=sharing into file artifacts/data_ingestion/data.zip]
[2026-08-12 16:06:29,177: INFO: common: created directory at: artifacts\training]
[2026-08-12 16:06:29,413: WARNING: saving_utils: Compiled the loaded model, but the compiled metrics have yet to be built. `model.compile_metrics` will be empty until you train or evaluate the model.]
[2026-08-12 16:07:56,812: INFO: common: created directory at: artifacts\training]
[2026-08-12 16:07:57,045: WARNING: saving_utils: Compiled the loaded model, but the compiled metrics have yet to be built. `model.compile_metrics` will be empty until you train or evaluate the model.]
[2026-08-12 16:08:10,874: INFO: common: created directory at: artifacts\training]
[2026-08-12 16:08:11,688: WARNING: saving_utils: Compiled the loaded model, but the compiled metrics have yet to be built. `model.compile_metrics` will be empty until you train or evaluate the model.]
[2026-08-12 16:22:15,188: INFO: common: created directory at: artifacts\training]
[2026-08-12 16:22:15,537: WARNING: saving_utils: Compiled the loaded model, but the compiled metrics have yet to be built. `model.compile_metrics` will be empty until you train or evaluate the model.]
[2026-08-12 16:22:52,177: INFO: common: created directory at: artifacts\training]
[2026-08-12 16:22:52,408: WARNING: saving_utils: Compiled the loaded model, but the compiled metrics have yet to be built. `model.compile_metrics` will be empty until you train or evaluate the model.]
[2026-08-12 16:23:02,600: INFO: common: created directory at: artifacts\training]
[2026-08-12 16:23:02,852: WARNING: saving_utils: Compiled the loaded model, but the compiled metrics have yet to be built. `model.compile_metrics` will be empty until you train or evaluate the model.]
[2026-08-12 16:23:22,527: INFO: common: created directory at: artifacts\training]
[2026-08-12 21:06:54,839: INFO: common: yaml file: config\config.yaml loaded successfully]
[2026-08-12 21:06:54,844: INFO: common: yaml file: params.yaml loaded successfully]
[2026-08-12 21:06:54,845: INFO: common: created directory at: artifacts]
[2026-08-12 21:07:05,650: INFO: common: created directory at: artifacts\training]
[2026-08-12 21:07:26,696: WARNING: config: TensorFlow GPU support is not available on native Windows for TensorFlow >= 2.11. Even if CUDA/cuDNN are installed, GPU will not be used. Please use WSL2 or the TensorFlow-DirectML plugin.]
[2026-08-12 21:07:26,701: WARNING: saving_utils: Compiled the loaded model, but the compiled metrics have yet to be built. `model.compile_metrics` will be empty until you train or evaluate the model.]
[2026-08-12 21:10:27,179: INFO: common: created directory at: artifacts\training]
[2026-08-12 21:10:27,408: WARNING: saving_utils: Compiled the loaded model, but the compiled metrics have yet to be built. `model.compile_metrics` will be empty until you train or evaluate the model.]
[2026-08-12 21:11:38,953: INFO: common: yaml file: config\config.yaml loaded successfully]
[2026-08-12 21:11:38,958: INFO: common: yaml file: params.yaml loaded successfully]
[2026-08-12 21:11:38,959: INFO: common: created directory at: artifacts]
[2026-08-12 21:11:38,961: INFO: common: created directory at: artifacts/prepare_base_model]
[2026-08-12 21:11:39,343: WARNING: config: TensorFlow GPU support is not available on native Windows for TensorFlow >= 2.11. Even if CUDA/cuDNN are installed, GPU will not be used. Please use WSL2 or the TensorFlow-DirectML plugin.]
[2026-08-12 21:11:39,348: WARNING: saving_utils: Compiled the loaded model, but the compiled metrics have yet to be built. `model.compile_metrics` will be empty until you train or evaluate the model.]
[2026-08-12 21:11:39,407: WARNING: saving_api: You are saving your model as an HDF5 file via `model.save()` or `keras.saving.save_model(model)`. This file format is considered legacy. We recommend using instead the native Keras format, e.g. `model.save('my_model.keras')` or `keras.saving.save_model(model, 'my_model.keras')`. ]
[2026-08-12 21:11:44,015: INFO: common: yaml file: config\config.yaml loaded successfully]
[2026-08-12 21:11:44,019: INFO: common: yaml file: params.yaml loaded successfully]
[2026-08-12 21:11:44,021: INFO: common: created directory at: artifacts]
[2026-08-12 21:11:44,022: INFO: common: created directory at: artifacts/prepare_base_model]
[2026-08-12 21:11:44,258: WARNING: saving_utils: Compiled the loaded model, but the compiled metrics have yet to be built. `model.compile_metrics` will be empty until you train or evaluate the model.]
[2026-08-12 21:12:38,400: INFO: common: yaml file: config\config.yaml loaded successfully]
[2026-08-12 21:12:38,403: INFO: common: yaml file: params.yaml loaded successfully]
[2026-08-12 21:12:38,405: INFO: common: created directory at: artifacts]
[2026-08-12 21:12:38,406: INFO: common: created directory at: artifacts/prepare_base_model]
[2026-08-12 21:12:38,632: WARNING: saving_utils: Compiled the loaded model, but the compiled metrics have yet to be built. `model.compile_metrics` will be empty until you train or evaluate the model.]
[2026-08-12 21:12:38,720: WARNING: saving_api: You are saving your model as an HDF5 file via `model.save()` or `keras.saving.save_model(model)`. This file format is considered legacy. We recommend using instead the native Keras format, e.g. `model.save('my_model.keras')` or `keras.saving.save_model(model, 'my_model.keras')`. ]
[2026-08-12 21:15:53,372: INFO: common: created directory at: artifacts\training]
[2026-08-12 21:15:53,597: WARNING: saving_utils: Compiled the loaded model, but the compiled metrics have yet to be built. `model.compile_metrics` will be empty until you train or evaluate the model.]
[2026-08-12 21:34:51,913: WARNING: saving_api: You are saving your model as an HDF5 file via `model.save()` or `keras.saving.save_model(model)`. This file format is considered legacy. We recommend using instead the native Keras format, e.g. `model.save('my_model.keras')` or `keras.saving.save_model(model, 'my_model.keras')`. ]
[2026-08-12 22:11:15,022: INFO: common: created directory at: artifacts\training]
[2026-08-12 22:11:15,382: WARNING: saving_utils: Compiled the loaded model, but the compiled metrics have yet to be built. `model.compile_metrics` will be empty until you train or evaluate the model.]
[2026-08-12 22:41:01,238: WARNING: saving_api: You are saving your model as an HDF5 file via `model.save()` or `keras.saving.save_model(model)`. This file format is considered legacy. We recommend using instead the native Keras format, e.g. `model.save('my_model.keras')` or `keras.saving.save_model(model, 'my_model.keras')`. ]
[2026-08-12 23:14:29,634: INFO: main: >>>>>> stage Data Ingestion stage started <<<<<<]
[2026-08-12 23:14:29,639: INFO: common: yaml file: config\config.yaml loaded successfully]
[2026-08-12 23:14:29,641: INFO: common: yaml file: params.yaml loaded successfully]
[2026-08-12 23:14:29,642: INFO: common: created directory at: artifacts]
[2026-08-12 23:14:29,642: INFO: common: created directory at: artifacts/data_ingestion]
[2026-08-12 23:14:29,643: INFO: data_ingestion: Downloading data from https://drive.google.com/file/d/1Coa1hm3Dw3WUO1epFj4ztNWKfmflJ29n/view?usp=sharing into file artifacts/data_ingestion/data.zip]
[2026-08-12 23:15:10,643: INFO: data_ingestion: Downloaded data from https://drive.google.com/file/d/1Coa1hm3Dw3WUO1epFj4ztNWKfmflJ29n/view?usp=sharing into file artifacts/data_ingestion/data.zip]
[2026-08-12 23:15:44,527: INFO: main: >>>>>> stage Data Ingestion stage completed <<<<<<

x==========x]
[2026-08-12 23:15:44,528: INFO: main: ********************]
[2026-08-12 23:15:44,528: INFO: main: >>>>>> stage Prepare base model started <<<<<<]
[2026-08-12 23:15:44,530: INFO: common: yaml file: config\config.yaml loaded successfully]
[2026-08-12 23:15:44,532: INFO: common: yaml file: params.yaml loaded successfully]
[2026-08-12 23:15:44,533: INFO: common: created directory at: artifacts]
[2026-08-12 23:15:44,533: INFO: common: created directory at: artifacts/prepare_base_model]
[2026-08-12 23:15:45,037: WARNING: saving_api: You are saving your model as an HDF5 file via `model.save()` or `keras.saving.save_model(model)`. This file format is considered legacy. We recommend using instead the native Keras format, e.g. `model.save('my_model.keras')` or `keras.saving.save_model(model, 'my_model.keras')`. ]
[2026-08-12 23:15:45,212: WARNING: config: TensorFlow GPU support is not available on native Windows for TensorFlow >= 2.11. Even if CUDA/cuDNN are installed, GPU will not be used. Please use WSL2 or the TensorFlow-DirectML plugin.]
[2026-08-12 23:15:45,246: WARNING: saving_api: You are saving your model as an HDF5 file via `model.save()` or `keras.saving.save_model(model)`. This file format is considered legacy. We recommend using instead the native Keras format, e.g. `model.save('my_model.keras')` or `keras.saving.save_model(model, 'my_model.keras')`. ]
[2026-08-12 23:15:45,381: INFO: main: >>>>>> stage Prepare base model completed <<<<<<

x==========x]
[2026-08-12 23:15:45,381: INFO: main: >>>>>>> stage Training started <<<<<<]
[2026-08-12 23:15:45,383: INFO: common: yaml file: config\config.yaml loaded successfully]
[2026-08-12 23:15:45,384: INFO: common: yaml file: params.yaml loaded successfully]
[2026-08-12 23:15:45,385: INFO: common: created directory at: artifacts]
[2026-08-12 23:15:45,386: ERROR: main: 'ConfigurationManager' object has no attribute 'get_training_config']
Traceback (most recent call last):
  File "C:\Users\Divya Naidu\Desktop\Code\projects\kidneyDisease\Kidney-Disease-Classification\main.py", line 44, in <module>
    model_trainer.main()
    ~~~~~~~~~~~~~~~~~~^^
  File "C:\Users\Divya Naidu\Desktop\Code\projects\kidneyDisease\Kidney-Disease-Classification\src\cnnClassifier\pipeline\stage_03_model_training.py", line 14, in main
    training_config = config.get_training_config()
                      ^^^^^^^^^^^^^^^^^^^^^^^^^^
AttributeError: 'ConfigurationManager' object has no attribute 'get_training_config'
[2026-08-12 23:17:13,962: INFO: main: >>>>>> stage Data Ingestion stage started <<<<<<]
[2026-08-12 23:17:13,963: INFO: common: yaml file: config\config.yaml loaded successfully]
[2026-08-12 23:17:13,965: INFO: common: yaml file: params.yaml loaded successfully]
[2026-08-12 23:17:13,966: INFO: common: created directory at: artifacts]
[2026-08-12 23:17:13,966: INFO: common: created directory at: artifacts/data_ingestion]
[2026-08-12 23:17:13,966: INFO: data_ingestion: Downloading data from https://drive.google.com/file/d/1Coa1hm3Dw3WUO1epFj4ztNWKfmflJ29n/view?usp=sharing into file artifacts/data_ingestion/data.zip]
[2026-08-12 23:18:00,547: INFO: data_ingestion: Downloaded data from https://drive.google.com/file/d/1Coa1hm3Dw3WUO1epFj4ztNWKfmflJ29n/view?usp=sharing into file artifacts/data_ingestion/data.zip]
[2026-08-12 23:18:24,093: INFO: main: >>>>>> stage Data Ingestion stage completed <<<<<<

x==========x]
[2026-08-12 23:18:24,094: INFO: main: ********************]
[2026-08-12 23:18:24,094: INFO: main: >>>>>> stage Prepare base model started <<<<<<]
[2026-08-12 23:18:24,096: INFO: common: yaml file: config\config.yaml loaded successfully]
[2026-08-12 23:18:24,097: INFO: common: yaml file: params.yaml loaded successfully]
[2026-08-12 23:18:24,097: INFO: common: created directory at: artifacts]
[2026-08-12 23:18:24,098: INFO: common: created directory at: artifacts/prepare_base_model]
[2026-08-12 23:18:24,608: WARNING: saving_api: You are saving your model as an HDF5 file via `model.save()` or `keras.saving.save_model(model)`. This file format is considered legacy. We recommend using instead the native Keras format, e.g. `model.save('my_model.keras')` or `keras.saving.save_model(model, 'my_model.keras')`. ]
[2026-08-12 23:18:24,941: WARNING: config: TensorFlow GPU support is not available on native Windows for TensorFlow >= 2.11. Even if CUDA/cuDNN are installed, GPU will not be used. Please use WSL2 or the TensorFlow-DirectML plugin.]
[2026-08-12 23:18:24,981: WARNING: saving_api: You are saving your model as an HDF5 file via `model.save()` or `keras.saving.save_model(model)`. This file format is considered legacy. We recommend using instead the native Keras format, e.g. `model.save('my_model.keras')` or `keras.saving.save_model(model, 'my_model.keras')`. ]
[2026-08-12 23:18:25,415: INFO: main: >>>>>> stage Prepare base model completed <<<<<<

x==========x]
[2026-08-12 23:18:25,415: INFO: main: >>>>>>> stage Training started <<<<<<]
[2026-08-12 23:18:25,417: INFO: common: yaml file: config\config.yaml loaded successfully]
[2026-08-12 23:18:25,419: INFO: common: yaml file: params.yaml loaded successfully]
[2026-08-12 23:18:25,420: INFO: common: created directory at: artifacts]
[2026-08-12 23:18:25,420: ERROR: main: 'ConfigurationManager' object has no attribute 'get_training_config']
Traceback (most recent call last):
  File "C:\Users\Divya Naidu\Desktop\Code\projects\kidneyDisease\Kidney-Disease-Classification\main.py", line 44, in <module>
    model_trainer.main()
    ~~~~~~~~~~~~~~~~~~^^
  File "C:\Users\Divya Naidu\Desktop\Code\projects\kidneyDisease\Kidney-Disease-Classification\src\cnnClassifier\pipeline\stage_03_model_training.py", line 14, in main
    training_config = config.get_training_config()
                      ^^^^^^^^^^^^^^^^^^^^^^^^^^
AttributeError: 'ConfigurationManager' object has no attribute 'get_training_config'
[2026-08-12 23:20:25,346: INFO: main: >>>>>> stage Data Ingestion stage started <<<<<<]
[2026-08-12 23:20:25,348: INFO: common: yaml file: config\config.yaml loaded successfully]
[2026-08-12 23:20:25,350: INFO: common: yaml file: params.yaml loaded successfully]
[2026-08-12 23:20:25,350: INFO: common: created directory at: artifacts]
[2026-08-12 23:20:25,351: INFO: common: created directory at: artifacts/data_ingestion]
[2026-08-12 23:20:25,352: INFO: data_ingestion: Downloading data from https://drive.google.com/file/d/1Coa1hm3Dw3WUO1epFj4ztNWKfmflJ29n/view?usp=sharing into file artifacts/data_ingestion/data.zip]
[2026-08-12 23:21:05,067: INFO: data_ingestion: Downloaded data from https://drive.google.com/file/d/1Coa1hm3Dw3WUO1epFj4ztNWKfmflJ29n/view?usp=sharing into file artifacts/data_ingestion/data.zip]
[2026-08-12 23:21:31,714: INFO: main: >>>>>> stage Data Ingestion stage completed <<<<<<

x==========x]
[2026-08-12 23:21:31,715: INFO: main: ********************]
[2026-08-12 23:21:31,715: INFO: main: >>>>>> stage Prepare base model started <<<<<<]
[2026-08-12 23:21:31,718: INFO: common: yaml file: config\config.yaml loaded successfully]
[2026-08-12 23:21:31,719: INFO: common: yaml file: params.yaml loaded successfully]
[2026-08-12 23:21:31,720: INFO: common: created directory at: artifacts]
[2026-08-12 23:21:31,721: INFO: common: created directory at: artifacts/prepare_base_model]
[2026-08-12 23:21:32,164: WARNING: saving_api: You are saving your model as an HDF5 file via `model.save()` or `keras.saving.save_model(model)`. This file format is considered legacy. We recommend using instead the native Keras format, e.g. `model.save('my_model.keras')` or `keras.saving.save_model(model, 'my_model.keras')`. ]
[2026-08-12 23:21:32,376: WARNING: config: TensorFlow GPU support is not available on native Windows for TensorFlow >= 2.11. Even if CUDA/cuDNN are installed, GPU will not be used. Please use WSL2 or the TensorFlow-DirectML plugin.]
[2026-08-12 23:21:32,413: WARNING: saving_api: You are saving your model as an HDF5 file via `model.save()` or `keras.saving.save_model(model)`. This file format is considered legacy. We recommend using instead the native Keras format, e.g. `model.save('my_model.keras')` or `keras.saving.save_model(model, 'my_model.keras')`. ]
[2026-08-12 23:21:32,580: INFO: main: >>>>>> stage Prepare base model completed <<<<<<

x==========x]
[2026-08-12 23:21:32,580: INFO: main: >>>>>>> stage Training started <<<<<<]
[2026-08-12 23:21:32,583: INFO: common: yaml file: config\config.yaml loaded successfully]
[2026-08-12 23:21:32,586: INFO: common: yaml file: params.yaml loaded successfully]
[2026-08-12 23:21:32,587: INFO: common: created directory at: artifacts]
[2026-08-12 23:21:32,588: INFO: common: created directory at: artifacts\training]
[2026-08-12 23:21:32,826: WARNING: saving_utils: Compiled the loaded model, but the compiled metrics have yet to be built. `model.compile_metrics` will be empty until you train or evaluate the model.]
[2026-08-13 00:43:10,088: WARNING: saving_api: You are saving your model as an HDF5 file via `model.save()` or `keras.saving.save_model(model)`. This file format is considered legacy. We recommend using instead the native Keras format, e.g. `model.save('my_model.keras')` or `keras.saving.save_model(model, 'my_model.keras')`. ]
[2026-08-13 00:43:10,230: INFO: main: >>>>>>> stage Training completed <<<<<<
===========x==========]
